../Core/Src/main.c:97:6:MPU6050_Init	32	static
../Core/Src/main.c:134:19:MPU6050_Ready	24	static
../Core/Src/main.c:149:6:MPU6050_Task	40	static
../Core/Src/main.c:180:6:HeartRate_Task	40	static
../Core/Src/main.c:202:6:UART	128	static
../Core/Src/main.c:242:5:main	56	static
../Core/Src/main.c:325:6:SystemClock_Config	88	static
../Core/Src/main.c:372:13:MX_ADC1_Init	24	static
../Core/Src/main.c:424:13:MX_I2C1_Init	8	static
../Core/Src/main.c:458:13:MX_USART2_UART_Init	8	static
../Core/Src/main.c:491:13:MX_GPIO_Init	40	static
../Core/Src/main.c:529:6:StartDefaultTask	16	static
../Core/Src/main.c:548:6:HAL_TIM_PeriodElapsedCallback	16	static
../Core/Src/main.c:566:6:Error_Handler	4	static,ignoring_inline_asm
